\BOOKMARK [1][-]{section.1}{\376\377\000I\000n\000t\000r\000o\000d\000u\000c\000t\000i\000o\000n}{}% 1
\BOOKMARK [2][-]{subsection.1.1}{\376\377\000F\000i\000l\000e\000s\000\040\000P\000r\000o\000v\000i\000d\000e\000d}{section.1}% 2
\BOOKMARK [1][-]{section.2}{\376\377\000F\000u\000n\000c\000t\000i\000o\000n\000-\000b\000y\000-\000F\000u\000n\000c\000t\000i\000o\000n\000\040\000W\000a\000l\000k\000t\000h\000r\000o\000u\000g\000h}{}% 3
\BOOKMARK [2][-]{subsection.2.1}{\376\377\000S\000h\000a\000r\000e\000d\000\040\000P\000r\000i\000m\000i\000t\000i\000v\000e\000s\000\040\000\050\000b\000o\000t\000h\000\040\000l\000k\000f\000\137\000a\000s\000m\000.\000s\000\040\000a\000n\000d\000\040\000e\000k\000f\000\137\000a\000s\000m\000.\000s\000\051}{section.2}% 4
\BOOKMARK [3][-]{subsubsection.2.1.1}{\376\377\000m\000a\000t\000\137\000a\000d\000d\000\137\000a\000s\000m\000\040\040\024\000\040\000E\000l\000e\000m\000e\000n\000t\000-\000w\000i\000s\000e\000\040\000A\000d\000d\000i\000t\000i\000o\000n}{subsection.2.1}% 5
\BOOKMARK [3][-]{subsubsection.2.1.2}{\376\377\000m\000a\000t\000\137\000s\000u\000b\000\137\000a\000s\000m\000\040\040\024\000\040\000E\000l\000e\000m\000e\000n\000t\000-\000w\000i\000s\000e\000\040\000S\000u\000b\000t\000r\000a\000c\000t\000i\000o\000n}{subsection.2.1}% 6
\BOOKMARK [3][-]{subsubsection.2.1.3}{\376\377\000m\000a\000t\000\137\000s\000c\000a\000l\000e\000\137\000a\000s\000m\000\040\040\024\000\040\000I\000n\000-\000p\000l\000a\000c\000e\000\040\000S\000c\000a\000l\000a\000r\000\040\000M\000u\000l\000t\000i\000p\000l\000y}{subsection.2.1}% 7
\BOOKMARK [3][-]{subsubsection.2.1.4}{\376\377\000m\000a\000t\000\137\000d\000o\000t\000\137\000a\000s\000m\000\040\040\024\000\040\000D\000o\000t\000\040\000P\000r\000o\000d\000u\000c\000t}{subsection.2.1}% 8
\BOOKMARK [3][-]{subsubsection.2.1.5}{\376\377\000v\000e\000c\000\137\000a\000x\000p\000y\000\137\000a\000s\000m\000\040\040\024\000\040\000A\000X\000P\000Y\000\040\000O\000p\000e\000r\000a\000t\000i\000o\000n}{subsection.2.1}% 9
\BOOKMARK [3][-]{subsubsection.2.1.6}{\376\377\000p\000r\000e\000d\000i\000c\000t\000\137\000x\000\137\000a\000s\000m\000\040\040\024\000\040\000C\000o\000n\000s\000t\000a\000n\000t\000-\000J\000e\000r\000k\000\040\000S\000t\000a\000t\000e\000\040\000P\000r\000o\000p\000a\000g\000a\000t\000i\000o\000n}{subsection.2.1}% 10
\BOOKMARK [2][-]{subsection.2.2}{\376\377\000L\000K\000F\000-\000o\000n\000l\000y\000:\000\040\000l\000k\000f\000\137\000a\000s\000m\000.\000s}{section.2}% 11
\BOOKMARK [3][-]{subsubsection.2.2.1}{\376\377\000u\000p\000d\000a\000t\000e\000\137\000x\000\137\000a\000s\000m\000\040\040\024\000\040\000K\000a\000l\000m\000a\000n\000\040\000G\000a\000i\000n\000\040\000C\000o\000r\000r\000e\000c\000t\000i\000o\000n}{subsection.2.2}% 12
\BOOKMARK [3][-]{subsubsection.2.2.2}{\376\377\000c\000o\000v\000a\000r\000\137\000d\000i\000a\000g\000\137\000u\000p\000d\000a\000t\000e\000\137\000a\000s\000m\000\040\040\024\000\040\000D\000i\000a\000g\000o\000n\000a\000l\000\040\000C\000o\000v\000a\000r\000i\000a\000n\000c\000e\000\040\000S\000c\000a\000l\000i\000n\000g}{subsection.2.2}% 13
\BOOKMARK [2][-]{subsection.2.3}{\376\377\000E\000K\000F\000-\000o\000n\000l\000y\000:\000\040\000e\000k\000f\000\137\000a\000s\000m\000.\000s}{section.2}% 14
\BOOKMARK [3][-]{subsubsection.2.3.1}{\376\377\000a\000t\000a\000n\000\137\000p\000o\000l\000y\000\137\000a\000s\000m\000\040\040\024\000\040\0009\000-\000T\000e\000r\000m\000\040\000M\000i\000n\000i\000m\000a\000x\000\040\000A\000r\000c\000t\000a\000n\000g\000e\000n\000t\000\040\000P\000o\000l\000y\000n\000o\000m\000i\000a\000l}{subsection.2.3}% 15
\BOOKMARK [3][-]{subsubsection.2.3.2}{\376\377\000a\000t\000a\000n\0002\000\137\000a\000s\000m\000\040\040\024\000\040\000F\000u\000l\000l\000\040\000F\000o\000u\000r\000-\000Q\000u\000a\000d\000r\000a\000n\000t\000\040\000a\000t\000a\000n\0002}{subsection.2.3}% 16
\BOOKMARK [3][-]{subsubsection.2.3.3}{\376\377\000w\000r\000a\000p\000\137\000a\000n\000g\000l\000e\000\137\000a\000s\000m\000\040\040\024\000\040\000A\000n\000g\000l\000e\000\040\000W\000r\000a\000p\000p\000i\000n\000g\000\040\000t\000o\000\040\000\050\000-\000,\000\040\000]}{subsection.2.3}% 17
\BOOKMARK [3][-]{subsubsection.2.3.4}{\376\377\000h\000\137\000f\000u\000n\000c\000\137\000a\000s\000m\000\040\040\024\000\040\000C\000a\000r\000t\000e\000s\000i\000a\000n\000\040\000t\000o\000\040\000S\000p\000h\000e\000r\000i\000c\000a\000l\000\040\000M\000e\000a\000s\000u\000r\000e\000m\000e\000n\000t}{subsection.2.3}% 18
\BOOKMARK [3][-]{subsubsection.2.3.5}{\376\377\000b\000u\000i\000l\000d\000\137\000j\000b\000l\000o\000c\000k\000\137\000a\000s\000m\000\040\040\024\000\040\0003\0001\0002\000\040\000M\000e\000a\000s\000u\000r\000e\000m\000e\000n\000t\000\040\000J\000a\000c\000o\000b\000i\000a\000n\000\040\000B\000l\000o\000c\000k}{subsection.2.3}% 19
\BOOKMARK [3][-]{subsubsection.2.3.6}{\376\377\000i\000n\000v\0003\000x\0003\000\137\000a\000s\000m\000\040\040\024\000\040\000E\000x\000a\000c\000t\000\040\0003\0003\000\040\000C\000r\000a\000m\000e\000r\000\040\000I\000n\000v\000e\000r\000s\000i\000o\000n}{subsection.2.3}% 20
\BOOKMARK [3][-]{subsubsection.2.3.7}{\376\377\000e\000k\000f\000\137\000u\000p\000d\000a\000t\000e\000\137\000x\000\137\000a\000s\000m\000\040\040\024\000\040\000E\000K\000F\000\040\000S\000t\000a\000t\000e\000\040\000C\000o\000r\000r\000e\000c\000t\000i\000o\000n}{subsection.2.3}% 21
\BOOKMARK [1][-]{section.3}{\376\377\000R\000e\000g\000i\000s\000t\000e\000r\000\040\000A\000l\000l\000o\000c\000a\000t\000i\000o\000n}{}% 22
\BOOKMARK [2][-]{subsection.3.1}{\376\377\000R\000I\000S\000C\000-\000V\000\040\000L\000P\0006\0004\000D\000\040\000A\000B\000I\000\040\000R\000e\000c\000a\000p}{section.3}% 23
\BOOKMARK [2][-]{subsection.3.2}{\376\377\000P\000e\000r\000-\000F\000u\000n\000c\000t\000i\000o\000n\000\040\000R\000e\000g\000i\000s\000t\000e\000r\000\040\000T\000a\000b\000l\000e}{section.3}% 24
\BOOKMARK [1][-]{section.4}{\376\377\000N\000u\000m\000e\000r\000i\000c\000a\000l\000\040\000V\000e\000r\000i\000f\000i\000c\000a\000t\000i\000o\000n}{}% 25
\BOOKMARK [2][-]{subsection.4.1}{\376\377\000a\000t\000a\000n\0002\000\040\000P\000o\000l\000y\000n\000o\000m\000i\000a\000l\000\040\000A\000c\000c\000u\000r\000a\000c\000y}{section.4}% 26
\BOOKMARK [2][-]{subsection.4.2}{\376\377\000T\000a\000b\000l\000e\000\040\000A\000:\000\040\000A\000v\000e\000r\000a\000g\000e\000\040\000E\000r\000r\000o\000r\000\040\000p\000e\000r\000\040\000J\000o\000i\000n\000t}{section.4}% 27
\BOOKMARK [2][-]{subsection.4.3}{\376\377\000T\000a\000b\000l\000e\000\040\000B\000:\000\040\000A\000v\000e\000r\000a\000g\000e\000\040\000E\000r\000r\000o\000r\000\040\000p\000e\000r\000\040\000S\000t\000a\000t\000e\000\040\000C\000o\000m\000p\000o\000n\000e\000n\000t}{section.4}% 28
\BOOKMARK [1][-]{section.5}{\376\377\000P\000l\000o\000t\000s}{}% 29
\BOOKMARK [2][-]{subsection.5.1}{\376\377\000M\000i\000l\000e\000s\000t\000o\000n\000e\000-\0003\000\040\000K\000i\000n\000e\000m\000a\000t\000i\000c\000\040\000P\000l\000o\000t\000s\000\040\000\050\000F\000u\000l\000l\000\040\000S\000t\000a\000t\000e\000\051}{section.5}% 30
\BOOKMARK [2][-]{subsection.5.2}{\376\377\000E\000K\000F\000\040\000K\000i\000n\000e\000m\000a\000t\000i\000c\000\040\000P\000l\000o\000t\000s}{section.5}% 31
\BOOKMARK [2][-]{subsection.5.3}{\376\377\000E\000r\000r\000o\000r\000\040\000A\000n\000a\000l\000y\000s\000i\000s\000\040\000\050\000A\000b\000s\000o\000l\000u\000t\000e\000\040\000E\000r\000r\000o\000r\000\051}{section.5}% 32
\BOOKMARK [2][-]{subsection.5.4}{\376\377\000L\000K\000F\000\040\000v\000s\000\040\000E\000K\000F\000\040\000C\000o\000m\000p\000a\000r\000i\000s\000o\000n}{section.5}% 33
\BOOKMARK [2][-]{subsection.5.5}{\376\377\000P\000e\000r\000-\000J\000o\000i\000n\000t\000\040\000R\000M\000S\000E\000\040\000S\000u\000m\000m\000a\000r\000y}{section.5}% 34
\BOOKMARK [2][-]{subsection.5.6}{\376\377\000E\000K\000F\000\040\000a\000t\000a\000n\0002\000\040\000A\000p\000p\000r\000o\000x\000i\000m\000a\000t\000i\000o\000n\000\040\000A\000c\000c\000u\000r\000a\000c\000y}{section.5}% 35
\BOOKMARK [2][-]{subsection.5.7}{\376\377\000M\000i\000l\000e\000s\000t\000o\000n\000e\000-\0002\000\040\000v\000s\000\040\000M\000i\000l\000e\000s\000t\000o\000n\000e\000-\0003\000\040\000C\000o\000m\000p\000a\000r\000i\000s\000o\000n\000\040\000\050\000O\000p\000t\000i\000o\000n\000a\000l\000\051}{section.5}% 36
\BOOKMARK [1][-]{section.6}{\376\377\000M\000e\000m\000o\000r\000y\000\040\000M\000a\000n\000a\000g\000e\000m\000e\000n\000t\000\040\000a\000n\000d\000\040\000S\000t\000a\000c\000k\000\040\000L\000a\000y\000o\000u\000t}{}% 37
\BOOKMARK [1][-]{section.7}{\376\377\000a\000r\000c\000t\000a\000n\0002\000\040\000A\000p\000p\000r\000o\000x\000i\000m\000a\000t\000i\000o\000n}{}% 38
\BOOKMARK [2][-]{subsection.7.1}{\376\377\000P\000o\000l\000y\000n\000o\000m\000i\000a\000l\000\040\000C\000o\000e\000f\000f\000i\000c\000i\000e\000n\000t\000s}{section.7}% 39
\BOOKMARK [2][-]{subsection.7.2}{\376\377\000Q\000u\000a\000d\000r\000a\000n\000t\000\040\000E\000x\000t\000e\000n\000s\000i\000o\000n}{section.7}% 40
\BOOKMARK [1][-]{section.8}{\376\377\000B\000u\000i\000l\000d\000\040\000I\000n\000s\000t\000r\000u\000c\000t\000i\000o\000n\000s}{}% 41
\BOOKMARK [1][-]{section.9}{\376\377\000C\000o\000n\000c\000l\000u\000s\000i\000o\000n}{}% 42
\BOOKMARK [1][-]{appendix.A}{\376\377\000C\000o\000e\000f\000f\000i\000c\000i\000e\000n\000t\000\040\000T\000a\000b\000l\000e\000s}{}% 43
